
> portfolio@0.1.0 build
> next build

Γû▓ Next.js 16.2.4 (Turbopack)

  Creating an optimized production build ...
Γ£ô Compiled successfully in 21.7s
  Running TypeScript ...
  Finished TypeScript in 36.8s ...
  Collecting page data using 7 workers ...
  Generating static pages using 7 workers (0/14) ...
  Generating static pages using 7 workers (3/14) 
  Generating static pages using 7 workers (6/14) 
  Generating static pages using 7 workers (10/14) 
Γ£ô Generating static pages using 7 workers (14/14) in 3.9s
  Finalizing page optimization ...

Route (app)
Γöî Γùï /
Γö£ Γùï /_not-found
Γö£ ΓùÅ /projects/[slug]
Γöé Γö£ /projects/arch-srm
Γöé Γö£ /projects/voco
Γöé Γö£ /projects/maxq
Γöé Γöö [+4 more paths]
Γöö ΓùÅ /writing/[slug]
  Γö£ /writing/building-things-that-break
  Γö£ /writing/why-i-like-local-ai
  Γöö /writing/what-hackathons-actually-teach


Γùï  (Static)  prerendered as static content
ΓùÅ  (SSG)     prerendered as static HTML (uses generateStaticParams)

